mode: set
github.com/chronos3344/catalog-service/internal/app/service/product/product.go:18.99,23.2 1 1
github.com/chronos3344/catalog-service/internal/app/service/product/product.go:25.100,28.69 2 1
github.com/chronos3344/catalog-service/internal/app/service/product/product.go:28.69,30.17 2 1
github.com/chronos3344/catalog-service/internal/app/service/product/product.go:30.17,32.4 1 1
github.com/chronos3344/catalog-service/internal/app/service/product/product.go:34.3,35.17 2 1
github.com/chronos3344/catalog-service/internal/app/service/product/product.go:35.17,37.4 1 1
github.com/chronos3344/catalog-service/internal/app/service/product/product.go:38.3,38.24 1 1
github.com/chronos3344/catalog-service/internal/app/service/product/product.go:38.24,40.4 1 1
github.com/chronos3344/catalog-service/internal/app/service/product/product.go:42.3,53.44 3 1
github.com/chronos3344/catalog-service/internal/app/service/product/product.go:55.2,55.16 1 1
github.com/chronos3344/catalog-service/internal/app/service/product/product.go:55.16,57.3 1 1
github.com/chronos3344/catalog-service/internal/app/service/product/product.go:58.2,58.21 1 1
github.com/chronos3344/catalog-service/internal/app/service/product/product.go:61.80,63.16 2 1
github.com/chronos3344/catalog-service/internal/app/service/product/product.go:63.16,65.3 1 1
github.com/chronos3344/catalog-service/internal/app/service/product/product.go:67.2,67.21 1 1
github.com/chronos3344/catalog-service/internal/app/service/product/product.go:70.67,72.2 1 1
github.com/chronos3344/catalog-service/internal/app/service/product/product.go:74.116,78.68 3 1
github.com/chronos3344/catalog-service/internal/app/service/product/product.go:78.68,81.17 2 1
github.com/chronos3344/catalog-service/internal/app/service/product/product.go:81.17,83.4 1 1
github.com/chronos3344/catalog-service/internal/app/service/product/product.go:90.3,90.75 1 1
github.com/chronos3344/catalog-service/internal/app/service/product/product.go:90.75,92.18 2 1
github.com/chronos3344/catalog-service/internal/app/service/product/product.go:92.18,94.5 1 1
github.com/chronos3344/catalog-service/internal/app/service/product/product.go:95.4,95.44 1 1
github.com/chronos3344/catalog-service/internal/app/service/product/product.go:99.3,99.22 1 1
github.com/chronos3344/catalog-service/internal/app/service/product/product.go:99.22,101.4 1 1
github.com/chronos3344/catalog-service/internal/app/service/product/product.go:104.3,104.23 1 1
github.com/chronos3344/catalog-service/internal/app/service/product/product.go:104.23,106.4 1 1
github.com/chronos3344/catalog-service/internal/app/service/product/product.go:107.3,107.29 1 1
github.com/chronos3344/catalog-service/internal/app/service/product/product.go:107.29,109.4 1 1
github.com/chronos3344/catalog-service/internal/app/service/product/product.go:112.3,113.17 2 1
github.com/chronos3344/catalog-service/internal/app/service/product/product.go:113.17,115.4 1 1
github.com/chronos3344/catalog-service/internal/app/service/product/product.go:116.3,116.30 1 1
github.com/chronos3344/catalog-service/internal/app/service/product/product.go:116.30,117.22 1 1
github.com/chronos3344/catalog-service/internal/app/service/product/product.go:117.22,120.5 1 1
github.com/chronos3344/catalog-service/internal/app/service/product/product.go:123.3,126.44 2 1
github.com/chronos3344/catalog-service/internal/app/service/product/product.go:129.2,129.16 1 1
github.com/chronos3344/catalog-service/internal/app/service/product/product.go:129.16,131.3 1 1
github.com/chronos3344/catalog-service/internal/app/service/product/product.go:133.2,133.21 1 1
github.com/chronos3344/catalog-service/internal/app/service/product/product.go:136.65,137.69 1 1
github.com/chronos3344/catalog-service/internal/app/service/product/product.go:137.69,139.17 2 1
github.com/chronos3344/catalog-service/internal/app/service/product/product.go:139.17,141.4 1 1
github.com/chronos3344/catalog-service/internal/app/service/product/product.go:142.3,142.41 1 1
github.com/chronos3344/catalog-service/internal/app/service/product/product.go:144.2,144.16 1 1
github.com/chronos3344/catalog-service/internal/app/service/product/product.go:144.16,146.3 1 1
github.com/chronos3344/catalog-service/internal/app/service/product/product.go:147.2,147.12 1 1
